11-07-2026 01:32:00 | INFO | Selected Folder : D:\Saved Pictures\Screenshots
11-07-2026 01:32:00 | INFO | Moved desktop.ini -> Others
11-07-2026 01:32:00 | INFO | Moved Screenshot 2026-05-17 182522.png -> Images
11-07-2026 01:32:00 | INFO | Moved Screenshot 2026-05-17 220338.png -> Images
11-07-2026 01:32:00 | INFO | Moved Screenshot 2026-05-17 223901.png -> Images
11-07-2026 01:32:00 | INFO | Moved Screenshot 2026-05-18 000845.png -> Images
11-07-2026 01:32:00 | INFO | Moved Screenshot 2026-05-30 115723.png -> Images
11-07-2026 01:32:00 | INFO | Moved Screenshot 2026-06-06 151715.png -> Images
11-07-2026 01:32:00 | INFO | Moved Screenshot 2026-06-06 160029.png -> Images
11-07-2026 01:32:01 | INFO | Moved Screenshot 2026-06-06 160325.png -> Images
11-07-2026 01:32:01 | INFO | Moved Screenshot 2026-06-06 160350.png -> Images
11-07-2026 01:32:01 | INFO | Moved Screenshot 2026-06-06 160456.png -> Images
11-07-2026 01:32:01 | INFO | Moved Screenshot 2026-06-06 160523.png -> Images
11-07-2026 01:32:01 | INFO | Moved Screenshot 2026-06-18 111440.png -> Images
11-07-2026 01:32:01 | INFO | Moved Screenshot 2026-06-18 111601.png -> Images
11-07-2026 01:32:01 | INFO | Moved Screenshot 2026-06-18 111739.png -> Images
11-07-2026 01:32:01 | INFO | Moved Screenshot 2026-06-18 111836.png -> Images
11-07-2026 01:32:01 | INFO | Moved Screenshot 2026-06-20 144511.png -> Images
11-07-2026 01:32:01 | INFO | Moved Screenshot 2026-06-20 185529.png -> Images
11-07-2026 01:32:01 | INFO | Moved Screenshot 2026-06-20 185656.png -> Images
11-07-2026 01:32:01 | INFO | Moved Screenshot 2026-06-20 185709.png -> Images
11-07-2026 01:32:01 | INFO | Moved Screenshot 2026-06-20 185938.png -> Images
11-07-2026 01:32:01 | INFO | Moved Screenshot 2026-06-20 190730.png -> Images
11-07-2026 01:32:01 | INFO | Moved Screenshot 2026-06-20 190824.png -> Images
11-07-2026 01:32:01 | INFO | Moved Screenshot 2026-06-21 030615.png -> Images
11-07-2026 01:32:01 | INFO | Moved Screenshot 2026-06-21 033134.png -> Images
11-07-2026 01:32:01 | INFO | Moved Screenshot 2026-06-21 033505.png -> Images
11-07-2026 01:32:01 | INFO | Moved Screenshot 2026-06-21 033545.png -> Images
11-07-2026 01:32:01 | INFO | Moved Screenshot 2026-06-21 033707.png -> Images
11-07-2026 01:32:01 | INFO | Moved Screenshot 2026-06-21 033842.png -> Images
11-07-2026 01:32:01 | INFO | Moved Screenshot 2026-06-21 034257.png -> Images
11-07-2026 01:32:01 | INFO | Moved Screenshot 2026-06-21 034535.png -> Images
11-07-2026 01:32:01 | INFO | Moved Screenshot 2026-06-21 034721.png -> Images
11-07-2026 01:32:01 | INFO | Moved Screenshot 2026-06-21 034845.png -> Images
11-07-2026 01:32:01 | INFO | Moved Screenshot 2026-06-21 034919.png -> Images
11-07-2026 01:32:01 | INFO | Moved Screenshot 2026-06-21 042810.png -> Images
11-07-2026 01:32:01 | INFO | Moved Screenshot 2026-06-21 042827.png -> Images
11-07-2026 01:32:01 | INFO | Moved Screenshot 2026-06-21 042920.png -> Images
11-07-2026 01:32:01 | INFO | Moved Screenshot 2026-06-21 043454.png -> Images
11-07-2026 01:32:01 | INFO | Moved Screenshot 2026-06-22 012125.png -> Images
11-07-2026 01:32:01 | INFO | Moved Screenshot 2026-06-22 012547.png -> Images
11-07-2026 01:32:01 | INFO | Moved Screenshot 2026-06-22 134817.png -> Images
11-07-2026 01:32:01 | INFO | Moved Screenshot 2026-06-22 220208.png -> Images
11-07-2026 01:32:01 | INFO | Moved Screenshot 2026-06-22 223914.png -> Images
11-07-2026 01:32:01 | INFO | Moved Screenshot 2026-06-22 230118.png -> Images
11-07-2026 01:32:01 | INFO | Moved Screenshot 2026-06-23 013331.png -> Images
11-07-2026 01:32:01 | INFO | Moved Screenshot 2026-06-23 013359.png -> Images
11-07-2026 01:32:01 | INFO | Moved Screenshot 2026-06-23 014832.png -> Images
11-07-2026 01:32:01 | INFO | Moved Screenshot 2026-06-23 014953.png -> Images
11-07-2026 01:32:01 | INFO | Moved Screenshot 2026-06-23 015234.png -> Images
11-07-2026 01:32:01 | INFO | Moved Screenshot 2026-06-23 015504.png -> Images
11-07-2026 01:32:01 | INFO | Moved Screenshot 2026-06-23 015624.png -> Images
11-07-2026 01:32:01 | INFO | Moved Screenshot 2026-06-23 015903.png -> Images
11-07-2026 01:32:01 | INFO | Moved Screenshot 2026-06-23 020001.png -> Images
11-07-2026 01:32:01 | INFO | Moved Screenshot 2026-06-23 020425.png -> Images
11-07-2026 01:32:01 | INFO | Moved Screenshot 2026-06-24 115047.png -> Images
11-07-2026 01:32:01 | INFO | Moved Screenshot 2026-06-24 115239.png -> Images
11-07-2026 01:32:01 | INFO | Moved Screenshot 2026-06-24 115337.png -> Images
11-07-2026 01:32:01 | INFO | Moved Screenshot 2026-06-24 115432.png -> Images
11-07-2026 01:32:01 | INFO | Moved Screenshot 2026-06-24 115458.png -> Images
11-07-2026 01:32:01 | INFO | Moved Screenshot 2026-06-24 115538.png -> Images
11-07-2026 01:32:01 | INFO | Moved Screenshot 2026-06-24 115552.png -> Images
11-07-2026 01:32:01 | INFO | Moved Screenshot 2026-06-24 115743.png -> Images
11-07-2026 01:32:01 | INFO | Moved Screenshot 2026-06-24 115759.png -> Images
11-07-2026 01:32:01 | INFO | Moved Screenshot 2026-06-24 115819.png -> Images
11-07-2026 01:32:01 | INFO | Moved Screenshot 2026-06-24 123158.png -> Images
11-07-2026 01:32:01 | INFO | Moved Screenshot 2026-06-24 123237.png -> Images
11-07-2026 01:32:01 | INFO | Moved Screenshot 2026-06-27 114435.png -> Images
11-07-2026 01:32:01 | INFO | Moved Screenshot 2026-06-27 114542.png -> Images
11-07-2026 01:32:01 | INFO | Moved Screenshot 2026-06-27 114726.png -> Images
11-07-2026 01:32:01 | INFO | Moved Screenshot 2026-06-27 114821.png -> Images
11-07-2026 01:32:01 | INFO | Moved Screenshot 2026-06-27 114846.png -> Images
11-07-2026 01:32:01 | INFO | Moved Screenshot 2026-06-27 114907.png -> Images
11-07-2026 01:32:01 | INFO | Moved Screenshot 2026-06-27 114922.png -> Images
11-07-2026 01:32:01 | INFO | Moved Screenshot 2026-06-27 120400.png -> Images
11-07-2026 01:32:01 | INFO | Moved Screenshot 2026-06-27 120419.png -> Images
11-07-2026 01:32:01 | INFO | Moved Screenshot 2026-06-27 120518.png -> Images
11-07-2026 01:32:01 | INFO | Moved Screenshot 2026-06-27 121430.png -> Images
11-07-2026 01:32:01 | INFO | Moved Screenshot 2026-06-27 121450.png -> Images
11-07-2026 01:32:01 | INFO | Moved Screenshot 2026-06-27 121528.png -> Images
11-07-2026 01:32:01 | INFO | Moved Screenshot 2026-06-27 125342.png -> Images
11-07-2026 01:32:02 | INFO | Moved Screenshot 2026-06-27 130137.png -> Images
11-07-2026 01:32:02 | INFO | Moved Screenshot 2026-06-27 130349.png -> Images
11-07-2026 01:32:02 | INFO | Moved Screenshot 2026-06-27 130412.png -> Images
11-07-2026 01:32:02 | INFO | Moved Screenshot 2026-06-27 130433.png -> Images
11-07-2026 01:32:02 | INFO | Moved Screenshot 2026-06-27 130529.png -> Images
11-07-2026 01:32:02 | INFO | Moved Screenshot 2026-06-27 130548.png -> Images
11-07-2026 01:32:02 | INFO | Moved Screenshot 2026-06-27 130607.png -> Images
11-07-2026 01:32:02 | INFO | Moved Screenshot 2026-06-27 131245.png -> Images
11-07-2026 01:32:02 | INFO | Moved Screenshot 2026-06-27 131306.png -> Images
11-07-2026 01:32:02 | INFO | Moved Screenshot 2026-06-27 131336.png -> Images
11-07-2026 01:32:02 | INFO | Moved Screenshot 2026-06-27 131617.png -> Images
11-07-2026 01:32:02 | INFO | Moved Screenshot 2026-06-27 131638.png -> Images
11-07-2026 01:32:02 | INFO | Moved Screenshot 2026-06-27 131702.png -> Images
11-07-2026 01:32:02 | INFO | Moved Screenshot 2026-07-06 170938.png -> Images
11-07-2026 01:32:02 | INFO | Moved Screenshot 2026-07-06 190321.png -> Images
11-07-2026 01:32:02 | INFO | Moved Wallpaper.webp -> Images
11-07-2026 01:32:02 | INFO | Organization Completed
11-07-2026 01:36:50 | INFO | Selected Folder : D:\Download\house_price_prediction\house_price_prediction
11-07-2026 01:36:50 | INFO | Moved .gitignore -> Others
11-07-2026 01:36:50 | INFO | Moved actual_vs_predicted.png -> Images
11-07-2026 01:36:50 | INFO | Moved generate_dataset.py -> Code
11-07-2026 01:36:50 | INFO | Moved model.pkl -> Others
11-07-2026 01:36:50 | INFO | Moved predict.py -> Code
11-07-2026 01:36:50 | INFO | Moved pyvenv.cfg -> Others
11-07-2026 01:36:50 | INFO | Moved README.md -> Others
11-07-2026 01:36:50 | INFO | Moved requirements.txt -> Documents
11-07-2026 01:36:50 | INFO | Moved train.py -> Code
11-07-2026 01:36:50 | INFO | Organization Completed
13-07-2026 00:59:36 | INFO | Selected Folder : D:\Documents
13-07-2026 00:59:38 | INFO | Moved AI Review Report Link (Syed Jazib Ali Shah AI241002).docx -> Documents
13-07-2026 00:59:38 | INFO | Moved DBMS ASSIGNMENT 2,3 (AI241002).docx -> Documents
13-07-2026 00:59:38 | INFO | Moved DBMS LAB CRUD AI241002.docx -> Documents
13-07-2026 00:59:38 | INFO | Moved desktop.ini -> Others
13-07-2026 00:59:39 | INFO | Moved OS LAB 8,9,10 (AI241002).docx -> Documents
13-07-2026 00:59:39 | INFO | Moved OS QUIZ 02.docx -> Documents
13-07-2026 00:59:39 | INFO | Moved Syed Jazib Ali Shah Resume.pdf -> Documents
13-07-2026 00:59:39 | INFO | Organization Completed
13-07-2026 17:48:54 | INFO | Selected Folder: D:\Desktop\Testing
13-07-2026 17:48:55 | INFO | Moved 'CHATBOT.py' -> 'Code'
13-07-2026 17:48:55 | INFO | Moved 'testImage1.png' -> 'Images'
13-07-2026 17:48:55 | INFO | Moved 'Testingdoc.docx' -> 'Documents'
13-07-2026 17:48:55 | INFO | Moved 'Testingimage2.jpg' -> 'Images'
13-07-2026 17:48:55 | INFO | Moved 'Testingpdf - Copy.pdf' -> 'Documents'
13-07-2026 17:48:55 | INFO | Moved 'Testingzip.zip' -> 'Archives'
13-07-2026 17:48:55 | INFO | Moved 'Testpdf3.pdf' -> 'Documents'
13-07-2026 17:48:55 | INFO | Moved 'TestVid1.mp4' -> 'Videos'
13-07-2026 17:48:55 | INFO | Organization completed successfully.
